[2026-09-11T09:32:55.513Z] Plugin initialized: 0 commands []
[2026-09-11T09:32:55.519Z] Plugin initialized: 0 commands []
[2026-09-11T09:32:56.192Z] Registered /subtask command
[2026-09-11T09:32:56.207Z] Registered /subtask command
[2026-09-11T09:33:09.432Z] message-hooks: ENTRY msgCount=1, sessions=ses_f702fafc7ffeVXozWjTgpB0RVB
[2026-09-11T09:33:09.432Z] message-hooks: MESSAGES: [0]user: text:"fix errors"
[2026-09-11T09:33:09.432Z] message-hooks: post-filter, msgCount=1
[2026-09-11T09:33:09.432Z] message-hooks: about to search for OPENCODE_GENERIC
[2026-09-11T09:33:09.432Z] message-hooks: searching 1 messages for OPENCODE_GENERIC
[2026-09-11T09:33:09.432Z] message-hooks: generic search complete, found=false, index=-1
[2026-09-11T09:33:09.432Z] message-hooks: no generic part found, checking for pending prompt return
[2026-09-11T09:33:11.502Z] session.idle: sessionID=ses_f702fafc7ffeVXozWjTgpB0RVB
[2026-09-11T09:33:11.603Z] session.idle: sessionID=ses_f702fafc7ffeVXozWjTgpB0RVB
[2026-09-11T09:33:31.421Z] message-hooks: ENTRY msgCount=3, sessions=ses_f702fafc7ffeVXozWjTgpB0RVB
[2026-09-11T09:33:31.421Z] message-hooks: MESSAGES: [0]user: text:"fix errors" | [1]assistant: patch | [2]user: text:"fix errors in footer"
[2026-09-11T09:33:31.421Z] message-hooks: post-filter, msgCount=3
[2026-09-11T09:33:31.421Z] message-hooks: about to search for OPENCODE_GENERIC
[2026-09-11T09:33:31.421Z] message-hooks: searching 3 messages for OPENCODE_GENERIC
[2026-09-11T09:33:31.421Z] message-hooks: generic search complete, found=false, index=-1
[2026-09-11T09:33:31.421Z] message-hooks: no generic part found, checking for pending prompt return
[2026-09-11T09:35:51.398Z] message-hooks: ENTRY msgCount=4, sessions=ses_f702fafc7ffeVXozWjTgpB0RVB
[2026-09-11T09:35:51.398Z] message-hooks: MESSAGES: [0]user: text:"fix errors" | [1]assistant: patch | [2]user: text:"fix errors in footer" | [3]assistant: step-start, reasoning, tool:completed, step-finish, patch
[2026-09-11T09:35:51.398Z] message-hooks: post-filter, msgCount=4
[2026-09-11T09:35:51.398Z] message-hooks: about to search for OPENCODE_GENERIC
[2026-09-11T09:35:51.398Z] message-hooks: searching 4 messages for OPENCODE_GENERIC
[2026-09-11T09:35:51.398Z] message-hooks: generic search complete, found=false, index=-1
[2026-09-11T09:35:51.398Z] message-hooks: no generic part found, checking for pending prompt return
[2026-09-11T09:42:49.147Z] session.idle: sessionID=ses_f702fafc7ffeVXozWjTgpB0RVB
